nadi@desktop:~$ cat > "Домашние животные"
собаки
кошки
хомяки
^C
nadi@desktop:~$ cat > "Вьючные животные"
лошади
верблюды
ослы
^C
nadi@desktop:~$ cat "Домашние животные" "Вьючные животные" > "Друзья человека"
nadi@desktop:~$ cat "Друзья человека"
собаки
кошки
хомяки
лошади
верблюды
ослы
nadi@desktop:~$ mkdir Animals
nadi@desktop:~$ mv "Друзья человека" Animals/
nadi@desktop:~$ sudo wget https://dev.mysql.com/get/mysql-apt-config_0.8.25-1_all.deb
[sudo] password for nadi:
--2023-07-23 17:31:46--  https://dev.mysql.com/get/mysql-apt-config_0.8.25-1_all.deb
Resolving dev.mysql.com (dev.mysql.com)... 23.61.243.80, 2a02:26f0:9500:b80::2e31, 2a02:26f0:9500:b91::2e31
Connecting to dev.mysql.com (dev.mysql.com)|23.61.243.80|:443... connected.
HTTP request sent, awaiting response... 302 Moved Temporarily
Location: https://repo.mysql.com//mysql-apt-config_0.8.25-1_all.deb [following]
--2023-07-23 17:31:47--  https://repo.mysql.com//mysql-apt-config_0.8.25-1_all.deb
Resolving repo.mysql.com (repo.mysql.com)... 184.50.200.228
Connecting to repo.mysql.com (repo.mysql.com)|184.50.200.228|:443... connected.
HTTP request sent, awaiting response... 200 OK
Length: 18120 (18K) [application/x-debian-package]
Saving to: ‘mysql-apt-config_0.8.25-1_all.deb’

mysql-apt-config_0.8. 100%[======================>]  17,70K  --.-KB/s    in 0,001s

2023-07-23 17:31:47 (14,6 MB/s) - ‘mysql-apt-config_0.8.25-1_all.deb’ saved [18120/18120]

nadi@desktop:~$ sudo apt install ./mysql-apt-config_*_all.deb
Reading package lists... Done
Building dependency tree... Done
Reading state information... Done
Note, selecting 'mysql-apt-config' instead of './mysql-apt-config_0.8.25-1_all.deb'
The following NEW packages will be installed:
  mysql-apt-config
0 upgraded, 1 newly installed, 0 to remove and 131 not upgraded.
Need to get 0 B/18,1 kB of archives.
After this operation, 35,8 kB of additional disk space will be used.
Get:1 /home/nadi/mysql-apt-config_0.8.25-1_all.deb mysql-apt-config all 0.8.25-1 [18,1 kB]
Preconfiguring packages ...
Selecting previously unselected package mysql-apt-config.
(Reading database ... 204015 files and directories currently installed.)
Preparing to unpack .../mysql-apt-config_0.8.25-1_all.deb ...
Unpacking mysql-apt-config (0.8.25-1) ...
Setting up mysql-apt-config (0.8.25-1) ...
N: Download is performed unsandboxed as root as file '/home/nadi/mysql-apt-config_0.8.25-1_all.deb' couldn't be accessed by user '_apt'. - pkgAcquire::Run (13: Permission denied)
nadi@desktop:~$ sudo apt update
Hit:1 http://ru.archive.ubuntu.com/ubuntu jammy InRelease
Get:2 http://ru.archive.ubuntu.com/ubuntu jammy-updates InRelease [119 kB]
Get:3 http://repo.mysql.com/apt/ubuntu jammy InRelease [20,3 kB]
Get:4 http://security.ubuntu.com/ubuntu jammy-security InRelease [110 kB]
Get:5 http://ru.archive.ubuntu.com/ubuntu jammy-backports InRelease [108 kB]
Hit:6 https://download.docker.com/linux/ubuntu jammy InRelease
Get:7 http://repo.mysql.com/apt/ubuntu jammy/mysql-8.0 Sources [963 B]
Get:8 http://repo.mysql.com/apt/ubuntu jammy/mysql-apt-config amd64 Packages [565 B]
Get:9 http://repo.mysql.com/apt/ubuntu jammy/mysql-apt-config i386 Packages [565 B]
Get:10 http://repo.mysql.com/apt/ubuntu jammy/mysql-8.0 amd64 Packages [12,7 kB]
Get:11 http://repo.mysql.com/apt/ubuntu jammy/mysql-tools i386 Packages [457 B]
Get:12 http://repo.mysql.com/apt/ubuntu jammy/mysql-tools amd64 Packages [8 011 B]
Get:13 http://ru.archive.ubuntu.com/ubuntu jammy-updates/main amd64 Packages [799 kB]
Get:14 http://ru.archive.ubuntu.com/ubuntu jammy-updates/main i386 Packages [445 kB]
Get:15 http://ru.archive.ubuntu.com/ubuntu jammy-updates/main Translation-en [202 kB]
Get:16 http://ru.archive.ubuntu.com/ubuntu jammy-updates/main amd64 DEP-11 Metadata [99,5 kB]
Get:17 http://ru.archive.ubuntu.com/ubuntu jammy-updates/main amd64 c-n-f Metadata [15,4 kB]
Get:18 http://ru.archive.ubuntu.com/ubuntu jammy-updates/restricted amd64 Packages [580 kB]
Get:19 http://security.ubuntu.com/ubuntu jammy-security/main i386 Packages [267 kB]
Get:20 http://ru.archive.ubuntu.com/ubuntu jammy-updates/restricted Translation-en [90,8 kB]
Get:21 http://ru.archive.ubuntu.com/ubuntu jammy-updates/universe amd64 Packages [946 kB]
Get:22 http://security.ubuntu.com/ubuntu jammy-security/main amd64 Packages [579 kB]
Get:23 http://security.ubuntu.com/ubuntu jammy-security/main Translation-en [142 kB]
Get:24 http://security.ubuntu.com/ubuntu jammy-security/main amd64 DEP-11 Metadata [41,5 kB]
Get:25 http://security.ubuntu.com/ubuntu jammy-security/main amd64 c-n-f Metadata [11,0 kB]
Get:26 http://security.ubuntu.com/ubuntu jammy-security/restricted amd64 Packages [568 kB]
Get:27 http://ru.archive.ubuntu.com/ubuntu jammy-updates/universe i386 Packages [634 kB]
Get:28 http://security.ubuntu.com/ubuntu jammy-security/restricted Translation-en [89,0 kB]
Get:29 http://security.ubuntu.com/ubuntu jammy-security/universe amd64 Packages [751 kB]
Get:30 http://ru.archive.ubuntu.com/ubuntu jammy-updates/universe Translation-en [204 kB]
Get:31 http://security.ubuntu.com/ubuntu jammy-security/universe i386 Packages [540 kB]
Get:32 http://ru.archive.ubuntu.com/ubuntu jammy-updates/universe amd64 DEP-11 Metadata [274 kB]
Get:33 http://security.ubuntu.com/ubuntu jammy-security/universe Translation-en [134 kB]
Get:34 http://security.ubuntu.com/ubuntu jammy-security/universe amd64 DEP-11 Metadata [22,0 kB]
Get:35 http://ru.archive.ubuntu.com/ubuntu jammy-updates/universe amd64 c-n-f Metadata [20,7 kB]
Get:36 http://ru.archive.ubuntu.com/ubuntu jammy-updates/multiverse amd64 DEP-11 Metadata [940 B]
Get:37 http://ru.archive.ubuntu.com/ubuntu jammy-backports/main amd64 DEP-11 Metadata [7 984 B]
Get:38 http://ru.archive.ubuntu.com/ubuntu jammy-backports/universe amd64 DEP-11 Metadata [15,4 kB]
Get:39 http://security.ubuntu.com/ubuntu jammy-security/universe amd64 c-n-f Metadata [15,8 kB]
Fetched 7 874 kB in 7s (1 169 kB/s)
Reading package lists... Done
Building dependency tree... Done
Reading state information... Done
137 packages can be upgraded. Run 'apt list --upgradable' to see them.
nadi@desktop:~$ sudo apt install mysql-server
Reading package lists... Done
Building dependency tree... Done
Reading state information... Done
The following additional packages will be installed:
  libmecab2 mecab-ipadic mecab-ipadic-utf8 mecab-utils mysql-client mysql-common
  mysql-community-client mysql-community-client-core mysql-community-client-plugins
  mysql-community-server mysql-community-server-core
The following NEW packages will be installed:
  libmecab2 mecab-ipadic mecab-ipadic-utf8 mecab-utils mysql-client mysql-common
  mysql-community-client mysql-community-client-core mysql-community-client-plugins
  mysql-community-server mysql-community-server-core mysql-server
0 upgraded, 12 newly installed, 0 to remove and 137 not upgraded.
Need to get 37,6 MB of archives.
After this operation, 273 MB of additional disk space will be used.
Do you want to continue? [Y/n] y
Get:1 http://repo.mysql.com/apt/ubuntu jammy/mysql-8.0 amd64 mysql-common amd64 8.0.34-1ubuntu22.04 [67,7 kB]
Get:2 http://ru.archive.ubuntu.com/ubuntu jammy/main amd64 libmecab2 amd64 0.996-14build9 [199 kB]
Get:3 http://repo.mysql.com/apt/ubuntu jammy/mysql-8.0 amd64 mysql-community-client-plugins amd64 8.0.34-1ubuntu22.04 [1 435 kB]
Get:4 http://ru.archive.ubuntu.com/ubuntu jammy/main amd64 mecab-utils amd64 0.996-14build9 [4 850 B]
Get:5 http://ru.archive.ubuntu.com/ubuntu jammy/main amd64 mecab-ipadic all 2.7.0-20070801+main-3 [6 718 kB]
Get:6 http://repo.mysql.com/apt/ubuntu jammy/mysql-8.0 amd64 mysql-community-client-core amd64 8.0.34-1ubuntu22.04 [2 087 kB]
Get:7 http://repo.mysql.com/apt/ubuntu jammy/mysql-8.0 amd64 mysql-community-client amd64 8.0.34-1ubuntu22.04 [2 113 kB]
Get:8 http://repo.mysql.com/apt/ubuntu jammy/mysql-8.0 amd64 mysql-client amd64 8.0.34-1ubuntu22.04 [66,4 kB]
Get:9 http://repo.mysql.com/apt/ubuntu jammy/mysql-8.0 amd64 mysql-community-server-core amd64 8.0.34-1ubuntu22.04 [24,8 MB]
Get:10 http://ru.archive.ubuntu.com/ubuntu jammy/main amd64 mecab-ipadic-utf8 all 2.7.0-20070801+main-3 [4 384 B]
Get:11 http://repo.mysql.com/apt/ubuntu jammy/mysql-8.0 amd64 mysql-community-server amd64 8.0.34-1ubuntu22.04 [78,2 kB]
Get:12 http://repo.mysql.com/apt/ubuntu jammy/mysql-8.0 amd64 mysql-server amd64 8.0.34-1ubuntu22.04 [66,4 kB]
Fetched 37,6 MB in 12s (3 096 kB/s)
Preconfiguring packages ...
Selecting previously unselected package mysql-common.
(Reading database ... 204020 files and directories currently installed.)
Preparing to unpack .../00-mysql-common_8.0.34-1ubuntu22.04_amd64.deb ...
Unpacking mysql-common (8.0.34-1ubuntu22.04) ...
Selecting previously unselected package mysql-community-client-plugins.
Preparing to unpack .../01-mysql-community-client-plugins_8.0.34-1ubuntu22.04_amd64.deb ...
Unpacking mysql-community-client-plugins (8.0.34-1ubuntu22.04) ...
Selecting previously unselected package mysql-community-client-core.
Preparing to unpack .../02-mysql-community-client-core_8.0.34-1ubuntu22.04_amd64.deb ...
Unpacking mysql-community-client-core (8.0.34-1ubuntu22.04) ...
Selecting previously unselected package mysql-community-client.
Preparing to unpack .../03-mysql-community-client_8.0.34-1ubuntu22.04_amd64.deb ...
Unpacking mysql-community-client (8.0.34-1ubuntu22.04) ...
Selecting previously unselected package mysql-client.
Preparing to unpack .../04-mysql-client_8.0.34-1ubuntu22.04_amd64.deb ...
Unpacking mysql-client (8.0.34-1ubuntu22.04) ...
Selecting previously unselected package libmecab2:amd64.
Preparing to unpack .../05-libmecab2_0.996-14build9_amd64.deb ...
Unpacking libmecab2:amd64 (0.996-14build9) ...
Selecting previously unselected package mysql-community-server-core.
Preparing to unpack .../06-mysql-community-server-core_8.0.34-1ubuntu22.04_amd64.deb ...
Unpacking mysql-community-server-core (8.0.34-1ubuntu22.04) ...
Selecting previously unselected package mysql-community-server.
Preparing to unpack .../07-mysql-community-server_8.0.34-1ubuntu22.04_amd64.deb ...
Unpacking mysql-community-server (8.0.34-1ubuntu22.04) ...
Selecting previously unselected package mecab-utils.
Preparing to unpack .../08-mecab-utils_0.996-14build9_amd64.deb ...
Unpacking mecab-utils (0.996-14build9) ...
Selecting previously unselected package mecab-ipadic.
Preparing to unpack .../09-mecab-ipadic_2.7.0-20070801+main-3_all.deb ...
Unpacking mecab-ipadic (2.7.0-20070801+main-3) ...
Selecting previously unselected package mecab-ipadic-utf8.
Preparing to unpack .../10-mecab-ipadic-utf8_2.7.0-20070801+main-3_all.deb ...
Unpacking mecab-ipadic-utf8 (2.7.0-20070801+main-3) ...
Selecting previously unselected package mysql-server.
Preparing to unpack .../11-mysql-server_8.0.34-1ubuntu22.04_amd64.deb ...
Unpacking mysql-server (8.0.34-1ubuntu22.04) ...
Setting up libmecab2:amd64 (0.996-14build9) ...
Setting up mysql-common (8.0.34-1ubuntu22.04) ...
update-alternatives: using /etc/mysql/my.cnf.fallback to provide /etc/mysql/my.cnf (my.cnf) in auto mode
Setting up mysql-community-server-core (8.0.34-1ubuntu22.04) ...
Setting up mecab-utils (0.996-14build9) ...
Setting up mysql-community-client-plugins (8.0.34-1ubuntu22.04) ...
Setting up mecab-ipadic (2.7.0-20070801+main-3) ...
Compiling IPA dictionary for Mecab.  This takes long time...
reading /usr/share/mecab/dic/ipadic/unk.def ... 40
emitting double-array: 100% |###########################################|
/usr/share/mecab/dic/ipadic/model.def is not found. skipped.
reading /usr/share/mecab/dic/ipadic/Auxil.csv ... 199
reading /usr/share/mecab/dic/ipadic/Noun.others.csv ... 151
reading /usr/share/mecab/dic/ipadic/Noun.proper.csv ... 27328
reading /usr/share/mecab/dic/ipadic/Adj.csv ... 27210
reading /usr/share/mecab/dic/ipadic/Noun.verbal.csv ... 12146
reading /usr/share/mecab/dic/ipadic/Noun.number.csv ... 42
reading /usr/share/mecab/dic/ipadic/Noun.nai.csv ... 42
reading /usr/share/mecab/dic/ipadic/Noun.name.csv ... 34202
reading /usr/share/mecab/dic/ipadic/Noun.place.csv ... 72999
reading /usr/share/mecab/dic/ipadic/Symbol.csv ... 208
reading /usr/share/mecab/dic/ipadic/Interjection.csv ... 252
reading /usr/share/mecab/dic/ipadic/Prefix.csv ... 221
reading /usr/share/mecab/dic/ipadic/Postp.csv ... 146
reading /usr/share/mecab/dic/ipadic/Noun.csv ... 60477
reading /usr/share/mecab/dic/ipadic/Adnominal.csv ... 135
reading /usr/share/mecab/dic/ipadic/Filler.csv ... 19
reading /usr/share/mecab/dic/ipadic/Noun.adjv.csv ... 3328
reading /usr/share/mecab/dic/ipadic/Adverb.csv ... 3032
reading /usr/share/mecab/dic/ipadic/Postp-col.csv ... 91
reading /usr/share/mecab/dic/ipadic/Noun.demonst.csv ... 120
reading /usr/share/mecab/dic/ipadic/Noun.org.csv ... 16668
reading /usr/share/mecab/dic/ipadic/Suffix.csv ... 1393
reading /usr/share/mecab/dic/ipadic/Verb.csv ... 130750
reading /usr/share/mecab/dic/ipadic/Noun.adverbal.csv ... 795
reading /usr/share/mecab/dic/ipadic/Conjunction.csv ... 171
reading /usr/share/mecab/dic/ipadic/Others.csv ... 2
emitting double-array: 100% |###########################################|
reading /usr/share/mecab/dic/ipadic/matrix.def ... 1316x1316
emitting matrix      : 100% |###########################################|

done!
update-alternatives: using /var/lib/mecab/dic/ipadic to provide /var/lib/mecab/dic/debian (mecab-dictionary) in auto mode
Setting up mysql-community-client-core (8.0.34-1ubuntu22.04) ...
Setting up mecab-ipadic-utf8 (2.7.0-20070801+main-3) ...
Compiling IPA dictionary for Mecab.  This takes long time...
reading /usr/share/mecab/dic/ipadic/unk.def ... 40
emitting double-array: 100% |###########################################|
/usr/share/mecab/dic/ipadic/model.def is not found. skipped.
reading /usr/share/mecab/dic/ipadic/Auxil.csv ... 199
reading /usr/share/mecab/dic/ipadic/Noun.others.csv ... 151
reading /usr/share/mecab/dic/ipadic/Noun.proper.csv ... 27328
reading /usr/share/mecab/dic/ipadic/Adj.csv ... 27210
reading /usr/share/mecab/dic/ipadic/Noun.verbal.csv ... 12146
reading /usr/share/mecab/dic/ipadic/Noun.number.csv ... 42
reading /usr/share/mecab/dic/ipadic/Noun.nai.csv ... 42
reading /usr/share/mecab/dic/ipadic/Noun.name.csv ... 34202
reading /usr/share/mecab/dic/ipadic/Noun.place.csv ... 72999
reading /usr/share/mecab/dic/ipadic/Symbol.csv ... 208
reading /usr/share/mecab/dic/ipadic/Interjection.csv ... 252
reading /usr/share/mecab/dic/ipadic/Prefix.csv ... 221
reading /usr/share/mecab/dic/ipadic/Postp.csv ... 146
reading /usr/share/mecab/dic/ipadic/Noun.csv ... 60477
reading /usr/share/mecab/dic/ipadic/Adnominal.csv ... 135
reading /usr/share/mecab/dic/ipadic/Filler.csv ... 19
reading /usr/share/mecab/dic/ipadic/Noun.adjv.csv ... 3328
reading /usr/share/mecab/dic/ipadic/Adverb.csv ... 3032
reading /usr/share/mecab/dic/ipadic/Postp-col.csv ... 91
reading /usr/share/mecab/dic/ipadic/Noun.demonst.csv ... 120
reading /usr/share/mecab/dic/ipadic/Noun.org.csv ... 16668
reading /usr/share/mecab/dic/ipadic/Suffix.csv ... 1393
reading /usr/share/mecab/dic/ipadic/Verb.csv ... 130750
reading /usr/share/mecab/dic/ipadic/Noun.adverbal.csv ... 795
reading /usr/share/mecab/dic/ipadic/Conjunction.csv ... 171
reading /usr/share/mecab/dic/ipadic/Others.csv ... 2
emitting double-array: 100% |###########################################|
reading /usr/share/mecab/dic/ipadic/matrix.def ... 1316x1316
emitting matrix      : 100% |###########################################|

done!
update-alternatives: using /var/lib/mecab/dic/ipadic-utf8 to provide /var/lib/mecab/dic/debian (mecab-dictionary) in auto mode
Setting up mysql-community-client (8.0.34-1ubuntu22.04) ...
Setting up mysql-client (8.0.34-1ubuntu22.04) ...
Setting up mysql-community-server (8.0.34-1ubuntu22.04) ...
update-alternatives: using /etc/mysql/mysql.cnf to provide /etc/mysql/my.cnf (my.cnf) in auto mode
Created symlink /etc/systemd/system/multi-user.target.wants/mysql.service → /lib/systemd/system/mysql.service.
Setting up mysql-server (8.0.34-1ubuntu22.04) ...
Processing triggers for man-db (2.10.2-1) ...
Processing triggers for libc-bin (2.35-0ubuntu3.1) ...
nadi@desktop:~$ sudo apt remove mysql-client
Reading package lists... Done
Building dependency tree... Done
Reading state information... Done
The following packages were automatically installed and are no longer required:
  libmecab2 mecab-ipadic mecab-ipadic-utf8 mecab-utils mysql-common
  mysql-community-client mysql-community-client-core mysql-community-client-plugins
  mysql-community-server-core
Use 'sudo apt autoremove' to remove them.
The following packages will be REMOVED:
  mysql-client mysql-community-server mysql-server
0 upgraded, 0 newly installed, 3 to remove and 137 not upgraded.
After this operation, 305 kB disk space will be freed.
Do you want to continue? [Y/n] y
(Reading database ... 204375 files and directories currently installed.)
Removing mysql-server (8.0.34-1ubuntu22.04) ...
Removing mysql-community-server (8.0.34-1ubuntu22.04) ...
update-alternatives: using /etc/mysql/my.cnf.fallback to provide /etc/mysql/my.cnf (my.cnf) in auto mode
Removing mysql-client (8.0.34-1ubuntu22.04) ...
nadi@desktop:~$ sudo dpkg -i mysql-apt-config_0.8.25-1_all.deb && sudo apt update && sudo apt install mysql-client
(Reading database ... 204348 files and directories currently installed.)
Preparing to unpack mysql-apt-config_0.8.25-1_all.deb ...
Unpacking mysql-apt-config (0.8.25-1) over (0.8.25-1) ...
Setting up mysql-apt-config (0.8.25-1) ...
Hit:1 http://ru.archive.ubuntu.com/ubuntu jammy InRelease
Hit:2 http://ru.archive.ubuntu.com/ubuntu jammy-updates InRelease
Hit:3 http://ru.archive.ubuntu.com/ubuntu jammy-backports InRelease
Hit:4 http://repo.mysql.com/apt/ubuntu jammy InRelease
Hit:5 http://security.ubuntu.com/ubuntu jammy-security InRelease
Hit:6 https://download.docker.com/linux/ubuntu jammy InRelease
Reading package lists... Done
Building dependency tree... Done
Reading state information... Done
137 packages can be upgraded. Run 'apt list --upgradable' to see them.
Reading package lists... Done
Building dependency tree... Done
Reading state information... Done
The following packages were automatically installed and are no longer required:
  libmecab2 mecab-ipadic mecab-ipadic-utf8 mecab-utils mysql-community-server-core
Use 'sudo apt autoremove' to remove them.
The following NEW packages will be installed:
  mysql-client
0 upgraded, 1 newly installed, 0 to remove and 137 not upgraded.
Need to get 66,4 kB of archives.
After this operation, 77,8 kB of additional disk space will be used.
Get:1 http://repo.mysql.com/apt/ubuntu jammy/mysql-8.0 amd64 mysql-client amd64 8.0.34-1ubuntu22.04 [66,4 kB]
Fetched 66,4 kB in 0s (318 kB/s)
Selecting previously unselected package mysql-client.
(Reading database ... 204348 files and directories currently installed.)
Preparing to unpack .../mysql-client_8.0.34-1ubuntu22.04_amd64.deb ...
Unpacking mysql-client (8.0.34-1ubuntu22.04) ...
Setting up mysql-client (8.0.34-1ubuntu22.04) ...
nadi@desktop:~$ sudo dpkg -r mysql-client
(Reading database ... 204354 files and directories currently installed.)
Removing mysql-client (8.0.34-1ubuntu22.04) ...
